Microchip MPLAB XC8 Compiler V2.46

Linker command line:

-W-3 \
  --edf=C:\Program Files\Microchip\xc8\v2.46\pic\dat\20240104201356_en.msgs \
  -cn \
  -h+dist/default/production\Dheer_Rudani_Car_Black_Box.X.production.sym \
  --cmf=dist/default/production\Dheer_Rudani_Car_Black_Box.X.production.cmf \
  -z -Q18F4580 -oC:\Users\dheer\AppData\Local\Temp\xcAsb2c.\driver_tmp_3.o \
  --defsym=__MPLAB_BUILD=1 --fixupoverflow=error \
  -Mdist/default/production/Dheer_Rudani_Car_Black_Box.X.production.map \
  --md=C:\Users\dheer\AppData\Local\Temp\xcAsb2c.\driver_tmp_0.dat -E1 \
  -ver=XC8 Compiler --acfsm=1493 -ACODE=00h-03000h -ACONST=00h-03000h \
  -ASMALLCONST=0600h-06FFhx42,03000h-03000h -AMEDIUMCONST=0600h-03000h \
  -ACOMRAM=01h-05Fh -AABS1=00h-05FFh -ABIGRAM=01h-05FFh \
  -ARAM=060h-0FFh,0100h-01FFhx5 -ABANK0=060h-0FFh -ABANK1=0100h-01FFh \
  -ABANK2=0200h-02FFh -ABANK3=0300h-03FFh -ABANK4=0400h-04FFh \
  -ABANK5=0500h-05FFh -ASFR=0D00h-0DFFhx2,0F00h-0F5Fh,0F60h-0FFFh \
  -ABIGSFR=0D00h-0FFFh -ACONFIG=0300000h-030000Dh -AIDLOC=0200000h-0200007h \
  -AEEDATA=0F00000h-0F000FFh -peeprom_data=EEDATA \
  -preset_vec=00h,intcode,sivt_hi,intcodelo,sivt_lo,powerup,init \
  -pramtop=0600h -psmallconst=SMALLCONST -pmediumconst=MEDIUMCONST \
  -pconst=CONST -AFARRAM=00h-00h \
  -prdata=COMRAM,nvrram=COMRAM,nvbit=COMRAM,rbss=COMRAM,rbit=COMRAM \
  -pfarbss=FARRAM,fardata=FARRAM,nvFARRAM=FARRAM \
  -pintsave_regs=BIGRAM,bigbss=BIGRAM,bigdata=BIGRAM -pbss=RAM \
  -pidata=CODE,irdata=CODE,ibigdata=CODE,ifardata=CODE -prparam=COMRAM \
  C:\Users\dheer\AppData\Local\Temp\xcAsb2c.\driver_tmp_9.o \
  dist/default/production\Dheer_Rudani_Car_Black_Box.X.production.o 

Object code version is 3.11

Machine type is 18F4580



                Name                               Link     Load   Length Selector   Space Scale
C:\Users\dheer\AppData\Local\Temp\xcAsb2c.\driver_tmp_9.o
                idloc                            200000   200000        8        0       5
                config                           300000   300000        E        0       4
                init                                  0        0        4        0       0
dist/default/production\Dheer_Rudani_Car_Black_Box.X.production.o
                idloc                            200000   200000        8        0       5
                config                           300000   300000        E        0       4
                mediumconst                        2F04     2F04       FC     1782       0
                text42                             13E8     13E8       3A      9F4       0
                text41                             160E     160E       6C      B07       0
                text40                             176A     176A       7A      BB5       0
                text39                             19F8     19F8       C4      CFC       0
                text38                             2B6A     2B6A      39A     15B5       0
                text37                             1BC0     1BC0      106      DE0       0
                text36                             2490     2490      1B4     1248       0
                text35                             133A     133A       2A      99D       0
                text34                             188C     188C       B0      C46       0
                text33                             12A4     12A4       12      952       0
                text32                             125E     125E        8      92F       0
                text31                             1266     1266        8      933       0
                text30                             127E     127E        C      93F       0
                text29                             1422     1422       40      A11       0
                text28                             1DCC     1DCC      124      EE6       0
                text27                             22E4     22E4      1AC     1172       0
                text26                             12CC     12CC       18      966       0
                text25                             14F0     14F0       5E      A78       0
                text24                             1250     1250        6      928       0
                text23                             126E     126E        8      937       0
                text22                             128A     128A        C      945       0
                text21                             1276     1276        8      93B       0
                text20                             1364     1364       2A      9B2       0
                text19                             201E     201E      158     100F       0
                text18                             2176     2176      16E     10BB       0
                text17                             138E     138E       2A      9C7       0
                text16                             167A     167A       78      B3D       0
                text15                             13B8     13B8       30      9DC       0
                text14                             17E4     17E4       A8      BF2       0
                text13                             12FC     12FC       1E      97E       0
                text12                             1462     1462       46      A31       0
                text11                             12B6     12B6       16      95B       0
                text10                             1296     1296        E      94B       0
                text9                              131A     131A       20      98D       0
                text8                              16F2     16F2       78      B79       0
                text7                              12E4     12E4       18      972       0
                text6                              2644     2644      22C     1322       0
                text5                              1CC6     1CC6      106      E63       0
                text4                              14A8     14A8       48      A54       0
                text3                              193C     193C       BC      C9E       0
                text2                              2870     2870      2FA     1438       0
                text1                              1EF0     1EF0      12E      F78       0
                text0                              1ABC     1ABC      104      D5E       0
                cstackCOMRAM                          1        1       38        1       1
                bssBANK1                            100      100       AA      100       1
                dataBANK0                            60       60       5E       60       1
                dataCOMRAM                           52       52        7        1       1
                bssCOMRAM                            39       39       19        1       1
                cinit                              15AC     15AC       62      AD6       0
                idataBANK0                         154E     154E       5E     154E       0
                idataCOMRAM                        1257     1257        7     1257       0

TOTAL           Name                               Link     Load   Length     Space
        CLASS   CODE           
                init                                  0        0        4         0
                text42                             13E8     13E8       3A         0
                text41                             160E     160E       6C         0
                text40                             176A     176A       7A         0
                text39                             19F8     19F8       C4         0
                text38                             2B6A     2B6A      39A         0
                text37                             1BC0     1BC0      106         0
                text36                             2490     2490      1B4         0
                text35                             133A     133A       2A         0
                text34                             188C     188C       B0         0
                text33                             12A4     12A4       12         0
                text32                             125E     125E        8         0
                text31                             1266     1266        8         0
                text30                             127E     127E        C         0
                text29                             1422     1422       40         0
                text28                             1DCC     1DCC      124         0
                text27                             22E4     22E4      1AC         0
                text26                             12CC     12CC       18         0
                text25                             14F0     14F0       5E         0
                text24                             1250     1250        6         0
                text23                             126E     126E        8         0
                text22                             128A     128A        C         0
                text21                             1276     1276        8         0
                text20                             1364     1364       2A         0
                text19                             201E     201E      158         0
                text18                             2176     2176      16E         0
                text17                             138E     138E       2A         0
                text16                             167A     167A       78         0
                text15                             13B8     13B8       30         0
                text14                             17E4     17E4       A8         0
                text13                             12FC     12FC       1E         0
                text12                             1462     1462       46         0
                text11                             12B6     12B6       16         0
                text10                             1296     1296        E         0
                text9                              131A     131A       20         0
                text8                              16F2     16F2       78         0
                text7                              12E4     12E4       18         0
                text6                              2644     2644      22C         0
                text5                              1CC6     1CC6      106         0
                text4                              14A8     14A8       48         0
                text3                              193C     193C       BC         0
                text2                              2870     2870      2FA         0
                text1                              1EF0     1EF0      12E         0
                text0                              1ABC     1ABC      104         0
                cinit                              15AC     15AC       62         0
                idataBANK0                         154E     154E       5E         0
                idataCOMRAM                        1257     1257        7         0

        CLASS   CONST          

        CLASS   SMALLCONST     

        CLASS   MEDIUMCONST    
                mediumconst                        2F04     2F04       FC         0

        CLASS   COMRAM         
                cstackCOMRAM                          1        1       38         1
                dataCOMRAM                           52       52        7         1
                bssCOMRAM                            39       39       19         1

        CLASS   ABS1           

        CLASS   BIGRAM         

        CLASS   RAM            

        CLASS   BANK0          
                dataBANK0                            60       60       5E         1

        CLASS   BANK1          
                bssBANK1                            100      100       AA         1

        CLASS   BANK2          

        CLASS   BANK3          

        CLASS   BANK4          

        CLASS   BANK5          

        CLASS   SFR            

        CLASS   BIGSFR         

        CLASS   CONFIG         
                config                           300000   300000        E         4

        CLASS   IDLOC          
                idloc                            200000   200000        8         5

        CLASS   EEDATA         

        CLASS   FARRAM         

        CLASS   HEAP           

        CLASS   STACK          



SEGMENTS        Name                           Load    Length   Top    Selector   Space  Class

                reset_vec                      000000  000004  000004         0       0  CODE    
                cstackCOMRAM                   000001  000058  000059         1       1  COMRAM  
                dataBANK0                      000060  00005E  0000BE        60       1  BANK0   
                bssBANK1                       000100  0000AA  0001AA       100       1  BANK1   
                text24                         001250  000006  001256       928       0  CODE    
                idataCOMRAM                    001257  000007  00125E      1257       0  CODE    
                text32                         00125E  000008  001266       92F       0  CODE    
                text31                         001266  000008  00126E       933       0  CODE    
                text23                         00126E  000008  001276       937       0  CODE    
                text21                         001276  000008  00127E       93B       0  CODE    
                text30                         00127E  00000C  00128A       93F       0  CODE    
                text22                         00128A  00000C  001296       945       0  CODE    
                text10                         001296  00000E  0012A4       94B       0  CODE    
                text33                         0012A4  000012  0012B6       952       0  CODE    
                text11                         0012B6  000016  0012CC       95B       0  CODE    
                text26                         0012CC  000018  0012E4       966       0  CODE    
                text7                          0012E4  000018  0012FC       972       0  CODE    
                text13                         0012FC  00001E  00131A       97E       0  CODE    
                text9                          00131A  000020  00133A       98D       0  CODE    
                text35                         00133A  00002A  001364       99D       0  CODE    
                text20                         001364  00002A  00138E       9B2       0  CODE    
                text17                         00138E  00002A  0013B8       9C7       0  CODE    
                text15                         0013B8  000030  0013E8       9DC       0  CODE    
                text42                         0013E8  00003A  001422       9F4       0  CODE    
                text29                         001422  000040  001462       A11       0  CODE    
                text12                         001462  000046  0014A8       A31       0  CODE    
                text4                          0014A8  000048  0014F0       A54       0  CODE    
                text25                         0014F0  00005E  00154E       A78       0  CODE    
                idataBANK0                     00154E  00005E  0015AC      154E       0  CODE    
                cinit                          0015AC  000062  00160E       AD6       0  CODE    
                text41                         00160E  00006C  00167A       B07       0  CODE    
                text16                         00167A  000078  0016F2       B3D       0  CODE    
                text8                          0016F2  000078  00176A       B79       0  CODE    
                text40                         00176A  00007A  0017E4       BB5       0  CODE    
                text14                         0017E4  0000A8  00188C       BF2       0  CODE    
                text34                         00188C  0000B0  00193C       C46       0  CODE    
                text3                          00193C  0000BC  0019F8       C9E       0  CODE    
                text39                         0019F8  0000C4  001ABC       CFC       0  CODE    
                text0                          001ABC  000104  001BC0       D5E       0  CODE    
                text37                         001BC0  000106  001CC6       DE0       0  CODE    
                text5                          001CC6  000106  001DCC       E63       0  CODE    
                text28                         001DCC  000124  001EF0       EE6       0  CODE    
                text1                          001EF0  00012E  00201E       F78       0  CODE    
                text19                         00201E  000158  002176      100F       0  CODE    
                text18                         002176  00016E  0022E4      10BB       0  CODE    
                text27                         0022E4  0001AC  002490      1172       0  CODE    
                text36                         002490  0001B4  002644      1248       0  CODE    
                text6                          002644  00022C  002870      1322       0  CODE    
                text2                          002870  0002FA  002B6A      1438       0  CODE    
                text38                         002B6A  00039A  002F04      15B5       0  CODE    
                mediumconst                    002F04  0000FC  003000      1782       0  MEDIUMCO


UNUSED ADDRESS RANGES

        Name                Unused          Largest block    Delta
        BANK0            0000BE-0000FF               42
        BANK1            0001AA-0001FF               56
        BANK2            000200-0002FF              100
        BANK3            000300-0003FF              100
        BANK4            000400-0004FF              100
        BANK5            000500-0005FF              100
        BIGRAM           000059-00005F                7
                         0000BE-0000FF               42
                         0001AA-0005FF              456
        BIGSFR           000D00-000FFF              300
        CODE             000004-00124F             124C
                         001256-001256                1
                         003000-003000                1
        COMRAM           000059-00005F                7
        CONST            000004-00124F             124C
                         001256-001256                1
                         003000-003000                1
        EEDATA           F00000-F000FF              100
        MEDIUMCONST      000600-00124F              C50
                         001256-001256                1
                         003000-003000                1
        RAM              0000BE-0000FF               42
                         0001AA-0005FF              100
        SFR              000D00-000FFF              100
        SMALLCONST       000600-00124F              100
                         001256-001256                1
                         003000-003000                1

                                  Symbol Table

?___awdiv                cstackCOMRAM 000001
?___awmod                cstackCOMRAM 000001
?___fldiv                cstackCOMRAM 000015
?___fltol                cstackCOMRAM 00002E
?___xxtofl               cstackCOMRAM 000007
?_read_adc               cstackCOMRAM 000001
_ACKDT                   (abs)        007E2D
_ACKEN                   (abs)        007E2C
_ACKSTAT                 (abs)        007E2E
_ACQT0                   (abs)        007E03
_ACQT1                   (abs)        007E04
_ACQT2                   (abs)        007E05
_ADCS2                   (abs)        007E02
_ADFM                    (abs)        007E07
_ADON                    (abs)        007E10
_ADRESH                  (abs)        000FC4
_ADRESL                  (abs)        000FC3
_BCLIF                   (abs)        007D0B
_BRG16                   (abs)        007DC3
_BRGH                    (abs)        007D62
_CHS0                    (abs)        007E12
_CHS1                    (abs)        007E13
_CHS2                    (abs)        007E14
_CHS3                    (abs)        007E15
_CKE                     (abs)        007E3E
_CREN                    (abs)        007D5C
_EEADR                   (abs)        000FA9
_EECON1bits              (abs)        000FA6
_EECON2                  (abs)        000FA7
_EEDATA                  (abs)        000FA8
_GIE                     (abs)        007F97
_GO                      (abs)        007E11
_PCFG0                   (abs)        007E08
_PCFG1                   (abs)        007E09
_PCFG2                   (abs)        007E0A
_PCFG3                   (abs)        007E0B
_PEN                     (abs)        007E2A
_PIR2bits                (abs)        000FA1
_PORTD                   (abs)        000F83
_RB1                     (abs)        007C09
_RB2                     (abs)        007C0A
_RB3                     (abs)        007C0B
_RB4                     (abs)        007C0C
_RB5                     (abs)        007C0D
_RB6                     (abs)        007C0E
_RB7                     (abs)        007C0F
_RBPU                    (abs)        007F8F
_RC0                     (abs)        007C10
_RC1                     (abs)        007C11
_RC2                     (abs)        007C12
_RCEN                    (abs)        007E2B
_RCIF                    (abs)        007CF5
_RCREG                   (abs)        000FAE
_RD7                     (abs)        007C1F
_RSEN                    (abs)        007E29
_RX9                     (abs)        007D5E
_SEN                     (abs)        007E28
_SMP                     (abs)        007E3F
_SPBRG                   (abs)        000FAF
_SPEN                    (abs)        007D5F
_SSPADD                  (abs)        000FC8
_SSPBUF                  (abs)        000FC9
_SSPCON1                 (abs)        000FC6
_SSPIF                   (abs)        007CF3
_SYNC                    (abs)        007D64
_TRISB                   (abs)        000F93
_TRISC                   (abs)        000F94
_TRISC3                  (abs)        007CA3
_TRISC4                  (abs)        007CA4
_TRISC6                  (abs)        007CA6
_TRISC7                  (abs)        007CA7
_TRISD                   (abs)        000F95
_TRISD7                  (abs)        007CAF
_TX9                     (abs)        007D66
_TXEN                    (abs)        007D65
_TXIE                    (abs)        007CEC
_TXIF                    (abs)        007CF4
_TXREG                   (abs)        000FAD
_VCFG0                   (abs)        007E0C
_VCFG1                   (abs)        007E0D
__HRAM                   (abs)        000000
__H__absolute__          __absolute__ 000000
__Habs1                  abs1         000000
__Hbank0                 bank0        000000
__Hbank1                 bank1        000000
__Hbank2                 bank2        000000
__Hbank3                 bank3        000000
__Hbank4                 bank4        000000
__Hbank5                 bank5        000000
__Hbigbss                bigbss       000000
__Hbigdata               bigdata      000000
__Hbigram                bigram       000000
__Hbigsfr                bigsfr       000000
__Hbss                   bss          000000
__HbssBANK1              bssBANK1     000000
__HbssCOMRAM             bssCOMRAM    000000
__Hcinit                 cinit        000000
__Hclrtext               clrtext      000000
__Hcomram                comram       000000
__Hconfig                config       30000E
__Hconst                 const        000000
__HcstackCOMRAM          cstackCOMRAM 000000
__Hdata                  data         000000
__HdataBANK0             dataBANK0    000000
__HdataCOMRAM            dataCOMRAM   000000
__Heeprom_data           eeprom_data  000000
__Hfarbss                farbss       000000
__Hfardata               fardata      000000
__Hheap                  heap         000000
__Hibigdata              ibigdata     000000
__Hidata                 idata        000000
__HidataBANK0            idataBANK0   000000
__HidataCOMRAM           idataCOMRAM  000000
__Hidloc                 idloc        200008
__Hifardata              ifardata     000000
__Hinit                  init         000004
__Hintcode               intcode      000000
__Hintcode_body          intcode_body 000000
__Hintcodelo             intcodelo    000000
__Hintentry              intentry     000000
__Hintret                intret       000000
__Hintsave_regs          intsave_regs 000000
__Hirdata                irdata       000000
__Hmediumconst           mediumconst  003000
__HnvFARRAM              nvFARRAM     000000
__Hnvbit                 nvbit        000000
__Hnvrram                nvrram       000000
__Hparam                 rparam       000000
__Hpowerup               powerup      000000
__Hram                   ram          000000
__Hramtop                ramtop       000600
__Hrbit                  rbit         000000
__Hrbss                  rbss         000000
__Hrdata                 rdata        000000
__Hreset_vec             reset_vec    000000
__Hrparam                rparam       000000
__Hsfr                   sfr          000000
__Hsivt_hi               sivt_hi      000000
__Hsivt_lo               sivt_lo      000000
__Hsmallconst            smallconst   000000
__Hspace_0               (abs)        003000
__Hspace_1               (abs)        0001AA
__Hspace_2               (abs)        000000
__Hspace_4               (abs)        60000E
__Hstack                 stack        000000
__Hstruct                struct       000000
__Htemp                  temp         000000
__Htext                  text         000000
__Htext0                 text0        000000
__Htext1                 text1        000000
__Htext10                text10       000000
__Htext11                text11       000000
__Htext12                text12       000000
__Htext13                text13       000000
__Htext14                text14       000000
__Htext15                text15       000000
__Htext16                text16       000000
__Htext17                text17       000000
__Htext18                text18       000000
__Htext19                text19       000000
__Htext2                 text2        000000
__Htext20                text20       000000
__Htext21                text21       000000
__Htext22                text22       000000
__Htext23                text23       000000
__Htext24                text24       000000
__Htext25                text25       000000
__Htext26                text26       000000
__Htext27                text27       000000
__Htext28                text28       000000
__Htext29                text29       000000
__Htext3                 text3        000000
__Htext30                text30       000000
__Htext31                text31       000000
__Htext32                text32       000000
__Htext33                text33       000000
__Htext34                text34       000000
__Htext35                text35       000000
__Htext36                text36       000000
__Htext37                text37       000000
__Htext38                text38       000000
__Htext39                text39       000000
__Htext4                 text4        000000
__Htext40                text40       000000
__Htext41                text41       000000
__Htext42                text42       000000
__Htext5                 text5        000000
__Htext6                 text6        000000
__Htext7                 text7        000000
__Htext8                 text8        000000
__Htext9                 text9        000000
__LRAM                   (abs)        000001
__L__absolute__          __absolute__ 000000
__Labs1                  abs1         000000
__Lbank0                 bank0        000000
__Lbank1                 bank1        000000
__Lbank2                 bank2        000000
__Lbank3                 bank3        000000
__Lbank4                 bank4        000000
__Lbank5                 bank5        000000
__Lbigbss                bigbss       000000
__Lbigdata               bigdata      000000
__Lbigram                bigram       000000
__Lbigsfr                bigsfr       000000
__Lbss                   bss          000000
__LbssBANK1              bssBANK1     000000
__LbssCOMRAM             bssCOMRAM    000000
__Lcinit                 cinit        000000
__Lclrtext               clrtext      000000
__Lcomram                comram       000000
__Lconfig                config       000000
__Lconst                 const        000000
__LcstackCOMRAM          cstackCOMRAM 000000
__Ldata                  data         000000
__LdataBANK0             dataBANK0    000000
__LdataCOMRAM            dataCOMRAM   000000
__Leeprom_data           eeprom_data  000000
__Lfarbss                farbss       000000
__Lfardata               fardata      000000
__Lheap                  heap         000000
__Libigdata              ibigdata     000000
__Lidata                 idata        000000
__LidataBANK0            idataBANK0   000000
__LidataCOMRAM           idataCOMRAM  000000
__Lidloc                 idloc        000000
__Lifardata              ifardata     000000
__Linit                  init         000000
__Lintcode               intcode      000000
__Lintcode_body          intcode_body 000000
__Lintcodelo             intcodelo    000000
__Lintentry              intentry     000000
__Lintret                intret       000000
__Lintsave_regs          intsave_regs 000000
__Lirdata                irdata       000000
__Lmediumconst           mediumconst  002F04
__LnvFARRAM              nvFARRAM     000000
__Lnvbit                 nvbit        000000
__Lnvrram                nvrram       000000
__Lparam                 rparam       000000
__Lpowerup               powerup      000000
__Lram                   ram          000000
__Lramtop                ramtop       000600
__Lrbit                  rbit         000000
__Lrbss                  rbss         000000
__Lrdata                 rdata        000000
__Lreset_vec             reset_vec    000000
__Lrparam                rparam       000000
__Lsfr                   sfr          000000
__Lsivt_hi               sivt_hi      000000
__Lsivt_lo               sivt_lo      000000
__Lsmallconst            smallconst   000000
__Lspace_0               (abs)        000000
__Lspace_1               (abs)        000000
__Lspace_2               (abs)        000000
__Lspace_4               (abs)        000000
__Lstack                 stack        000000
__Lstruct                struct       000000
__Ltemp                  temp         000000
__Ltext                  text         000000
__Ltext0                 text0        000000
__Ltext1                 text1        000000
__Ltext10                text10       000000
__Ltext11                text11       000000
__Ltext12                text12       000000
__Ltext13                text13       000000
__Ltext14                text14       000000
__Ltext15                text15       000000
__Ltext16                text16       000000
__Ltext17                text17       000000
__Ltext18                text18       000000
__Ltext19                text19       000000
__Ltext2                 text2        000000
__Ltext20                text20       000000
__Ltext21                text21       000000
__Ltext22                text22       000000
__Ltext23                text23       000000
__Ltext24                text24       000000
__Ltext25                text25       000000
__Ltext26                text26       000000
__Ltext27                text27       000000
__Ltext28                text28       000000
__Ltext29                text29       000000
__Ltext3                 text3        000000
__Ltext30                text30       000000
__Ltext31                text31       000000
__Ltext32                text32       000000
__Ltext33                text33       000000
__Ltext34                text34       000000
__Ltext35                text35       000000
__Ltext36                text36       000000
__Ltext37                text37       000000
__Ltext38                text38       000000
__Ltext39                text39       000000
__Ltext4                 text4        000000
__Ltext40                text40       000000
__Ltext41                text41       000000
__Ltext42                text42       000000
__Ltext5                 text5        000000
__Ltext6                 text6        000000
__Ltext7                 text7        000000
__Ltext8                 text8        000000
__Ltext9                 text9        000000
__S0                     (abs)        003000
__S1                     (abs)        0001AA
__S4                     (abs)        000000
__S5                     (abs)        000000
___awdiv                 text39       0019F8
___awdiv@counter         cstackCOMRAM 000005
___awdiv@dividend        cstackCOMRAM 000001
___awdiv@divisor         cstackCOMRAM 000003
___awdiv@quotient        cstackCOMRAM 000007
___awdiv@sign            cstackCOMRAM 000006
___awmod                 text34       00188C
___awmod@counter         cstackCOMRAM 000005
___awmod@dividend        cstackCOMRAM 000001
___awmod@divisor         cstackCOMRAM 000003
___awmod@sign            cstackCOMRAM 000006
___fldiv                 text38       002B6A
___fldiv@a               cstackCOMRAM 000019
___fldiv@aexp            cstackCOMRAM 00002D
___fldiv@b               cstackCOMRAM 000015
___fldiv@bexp            cstackCOMRAM 00002C
___fldiv@grs             cstackCOMRAM 000028
___fldiv@new_exp         cstackCOMRAM 000026
___fldiv@rem             cstackCOMRAM 000021
___fldiv@sign            cstackCOMRAM 000025
___fltol                 text37       001BC0
___fltol@exp1            cstackCOMRAM 000037
___fltol@f1              cstackCOMRAM 00002E
___fltol@sign1           cstackCOMRAM 000036
___heap_hi               (abs)        000000
___heap_lo               (abs)        000000
___inthi_sp              stack        000000
___inthi_stack_hi        stack        000000
___inthi_stack_lo        stack        000000
___intlo_sp              stack        000000
___intlo_stack_hi        stack        000000
___intlo_stack_lo        stack        000000
___param_bank            (abs)        000000
___rparam_used           (abs)        000001
___sp                    stack        000000
___stack_hi              stack        000000
___stack_lo              stack        000000
___xxtofl                text36       002490
___xxtofl@arg            cstackCOMRAM 000011
___xxtofl@exp            cstackCOMRAM 000010
___xxtofl@sign           cstackCOMRAM 00000F
___xxtofl@val            cstackCOMRAM 000007
__accesstop              (abs)        000060
__activetblptr           (abs)        000002
__end_of___awdiv         text39       001ABC
__end_of___awmod         text34       00193C
__end_of___fldiv         text38       002F04
__end_of___fltol         text37       001CC6
__end_of___xxtofl        text36       002644
__end_of__initialization cinit        001604
__end_of_clcd_print      text41       00167A
__end_of_clcd_putch      text7        0012FC
__end_of_clcd_write      text42       001422
__end_of_clear_log       text40       0017E4
__end_of_dash_board      text27       002490
__end_of_download_log    text18       0022E4
__end_of_get_time        text16       0016F2
__end_of_i2c_idle        text33       0012B6
__end_of_i2c_no_ack      text24       001256
__end_of_i2c_read        text22       001296
__end_of_i2c_rep_start   text21       00127E
__end_of_i2c_rx_mode     text23       001276
__end_of_i2c_start       text32       001266
__end_of_i2c_stop        text31       00126E
__end_of_i2c_write       text30       00128A
__end_of_init_adc        text15       0013E8
__end_of_init_clcd       text14       00188C
__end_of_init_config     text8        00176A
__end_of_init_ds1307     text12       0014A8
__end_of_init_i2c        text11       0012CC
__end_of_init_kpad       text10       0012A4
__end_of_init_uart       text9        00133A
__end_of_main            text0        001BC0
__end_of_main_menu       text6        002870
__end_of_putch           text26       0012E4
__end_of_puts            text25       00154E
__end_of_read_adc        text35       001364
__end_of_read_ds1307     text17       0013B8
__end_of_read_eeprom     text19       002176
__end_of_read_ext_eeprom text20       00138E
__end_of_read_kpad       text4        0014F0
__end_of_scan_key        text5        001DCC
__end_of_set_time        text2        002B6A
__end_of_store           text28       001EF0
__end_of_store_time      text3        0019F8
__end_of_view_log        text1        00201E
__end_of_write_ds1307    text13       00131A
__end_of_write_eeprom    text29       001462
__initialization         cinit        0015AC
__mediumconst            mediumconst  002F04
__pbssBANK1              bssBANK1     000100
__pbssCOMRAM             bssCOMRAM    000039
__pcinit                 cinit        0015AC
__pcstackCOMRAM          cstackCOMRAM 000001
__pdataBANK0             dataBANK0    000060
__pdataCOMRAM            dataCOMRAM   000052
__pidataBANK0            idataBANK0   00154E
__pidataCOMRAM           idataCOMRAM  001257
__pmediumconst           mediumconst  002F04
__ptext0                 text0        001ABC
__ptext1                 text1        001EF0
__ptext10                text10       001296
__ptext11                text11       0012B6
__ptext12                text12       001462
__ptext13                text13       0012FC
__ptext14                text14       0017E4
__ptext15                text15       0013B8
__ptext16                text16       00167A
__ptext17                text17       00138E
__ptext18                text18       002176
__ptext19                text19       00201E
__ptext2                 text2        002870
__ptext20                text20       001364
__ptext21                text21       001276
__ptext22                text22       00128A
__ptext23                text23       00126E
__ptext24                text24       001250
__ptext25                text25       0014F0
__ptext26                text26       0012CC
__ptext27                text27       0022E4
__ptext28                text28       001DCC
__ptext29                text29       001422
__ptext3                 text3        00193C
__ptext30                text30       00127E
__ptext31                text31       001266
__ptext32                text32       00125E
__ptext33                text33       0012A4
__ptext34                text34       00188C
__ptext35                text35       00133A
__ptext36                text36       002490
__ptext37                text37       001BC0
__ptext38                text38       002B6A
__ptext39                text39       0019F8
__ptext4                 text4        0014A8
__ptext40                text40       00176A
__ptext41                text41       00160E
__ptext42                text42       0013E8
__ptext5                 text5        001CC6
__ptext6                 text6        002644
__ptext7                 text7        0012E4
__ptext8                 text8        0016F2
__ptext9                 text9        00131A
__ramtop                 ramtop       000600
__smallconst             smallconst   000000
_adc                     bssCOMRAM    00004E
_address                 bssCOMRAM    000047
_clcd_print              text41       00160E
_clcd_putch              text7        0012E4
_clcd_write              text42       0013E8
_clear_log               text40       00176A
_clock_reg               bssCOMRAM    000039
_count                   bssCOMRAM    00004F
_count1                  bssCOMRAM    000040
_dash_board              text27       0022E4
_disp                    dataBANK0    000060
_download_log            text18       002176
_f1                      bssCOMRAM    00004B
_f3                      dataCOMRAM   000052
_f4                      dataCOMRAM   000055
_flag                    bssCOMRAM    000044
_gears                   dataBANK0    000094
_get_time                text16       00167A
_hour                    bssCOMRAM    000043
_hour_bcd                bssCOMRAM    00003E
_i                       bssCOMRAM    00004D
_i2c_idle                text33       0012A4
_i2c_no_ack              text24       001250
_i2c_read                text22       00128A
_i2c_rep_start           text21       001276
_i2c_rx_mode             text23       00126E
_i2c_start               text32       00125E
_i2c_stop                text31       001266
_i2c_write               text30       00127E
_init_adc                text15       0013B8
_init_clcd               text14       0017E4
_init_config             text8        0016F2
_init_ds1307             text12       001462
_init_i2c                text11       0012B6
_init_kpad               text10       001296
_init_uart               text9        00131A
_j                       bssCOMRAM    00004C
_k                       bssCOMRAM    00003F
_key                     bssCOMRAM    000050
_main                    text0        001ABC
_main_menu               text6        002644
_min                     bssCOMRAM    000042
_min_bcd                 bssCOMRAM    00003D
_once                    dataCOMRAM   000053
_putch                   text26       0012CC
_puts                    text25       0014F0
_rcount                  bssCOMRAM    000048
_read_adc                text35       00133A
_read_add                bssCOMRAM    000049
_read_ds1307             text17       00138E
_read_eeprom             text19       00201E
_read_ext_eeprom         text20       001364
_read_kpad               text4        0014A8
_reset_count             bssCOMRAM    000051
_scan_key                text5        001CC6
_sec                     bssCOMRAM    000041
_sec_bcd                 bssCOMRAM    00003C
_set_time                text2        002870
_speed                   dataCOMRAM   000056
_state                   bssCOMRAM    000046
_store                   text28       001DCC
_store_time              text3        00193C
_time                    dataBANK0    0000B5
_time_set                dataBANK0    0000AC
_view                    bssBANK1     000100
_view_log                text1        001EF0
_view_size               bssCOMRAM    00004A
_write_ds1307            text13       0012FC
_write_eeprom            text29       001422
_x                       bssCOMRAM    000045
clcd_print@addr          cstackCOMRAM 000005
clcd_print@data          cstackCOMRAM 000003
clcd_putch@addr          cstackCOMRAM 000003
clcd_putch@data          cstackCOMRAM 000004
clcd_write@byte          cstackCOMRAM 000002
clcd_write@control_bit   cstackCOMRAM 000001
clear_log@wait           cstackCOMRAM 000006
download_log@uart        cstackCOMRAM 00000C
download_log@wait        cstackCOMRAM 000008
end_of_initialization    cinit        001604
i2c_write@data           cstackCOMRAM 000001
init_ds1307@dummy        cstackCOMRAM 000004
intlevel0                text         000000
intlevel1                text         000000
intlevel2                text         000000
intlevel3                text         000000
isa$std                  (abs)        000001
isa$xinst                (abs)        000000
putch@byte               cstackCOMRAM 000001
puts@s                   cstackCOMRAM 000002
read_ds1307@address      cstackCOMRAM 000002
read_ds1307@data         cstackCOMRAM 000003
read_eeprom@i            cstackCOMRAM 000006
read_eeprom@j            cstackCOMRAM 000007
read_ext_eeprom@address  cstackCOMRAM 000002
read_ext_eeprom@data     cstackCOMRAM 000003
read_kpad@ch             dataCOMRAM   000054
read_kpad@key            cstackCOMRAM 000001
stackhi                  (abs)        000000
stacklo                  (abs)        000000
start                    init         000000
start_initialization     cinit        0015AC
view_log@wait            cstackCOMRAM 00000D
write_ds1307@address     cstackCOMRAM 000003
write_ds1307@data        cstackCOMRAM 000002
write_eeprom@address     cstackCOMRAM 000005
write_eeprom@data        cstackCOMRAM 000002
write_eeprom@wait        cstackCOMRAM 000003


MODULE INFORMATION

Module		Function		Class		Link	Load	Size
init_mkpad.c
		_init_kpad     		CODE           	1296	0000	14
		_read_kpad     		CODE           	14A8	0000	72
		_scan_key      		CODE           	1CC6	0000	262

init_mkpad.c estimated size: 348

C:\Program Files\Microchip\xc8\v2.46\pic\sources\c99\common\fltol.c
		___fltol       		CODE           	1BC0	0000	262

C:\Program Files\Microchip\xc8\v2.46\pic\sources\c99\common\fltol.c estimated size: 262

download_log.c
		_download_log  		CODE           	2176	0000	366

download_log.c estimated size: 366

init_clcd.c
		_clcd_write    		CODE           	13E8	0000	58
		_clcd_print    		CODE           	160E	0000	108
		_clcd_putch    		CODE           	12E4	0000	24
		_init_clcd     		CODE           	17E4	0000	168

init_clcd.c estimated size: 358

dash_board.c
		_dash_board    		CODE           	22E4	0000	428
		_store         		CODE           	1DCC	0000	292

dash_board.c estimated size: 720

init_ext_eeprom.c
		_read_ext_eeprom		CODE           	1364	0000	42
		_write_eeprom  		CODE           	1422	0000	64

init_ext_eeprom.c estimated size: 106

C:\Program Files\Microchip\xc8\v2.46\pic\sources\c99\common\awdiv.c
		___awdiv       		CODE           	19F8	0000	196

C:\Program Files\Microchip\xc8\v2.46\pic\sources\c99\common\awdiv.c estimated size: 196

C:\Program Files\Microchip\xc8\v2.46\pic\sources\c99\common\xxtofl.c
		___xxtofl      		CODE           	2490	0000	436

C:\Program Files\Microchip\xc8\v2.46\pic\sources\c99\common\xxtofl.c estimated size: 436

C:\Program Files\Microchip\xc8\v2.46\pic\sources\c99\common\sprcdiv.c
		___fldiv       		CODE           	2B6A	0000	922

C:\Program Files\Microchip\xc8\v2.46\pic\sources\c99\common\sprcdiv.c estimated size: 922

main_menu.c
		_main_menu     		CODE           	2644	0000	556

main_menu.c estimated size: 556

init_adc.c
		_init_adc      		CODE           	13B8	0000	48
		_read_adc      		CODE           	133A	0000	42

init_adc.c estimated size: 90

shared
		__initialization		CODE           	15AC	0000	88

shared estimated size: 88

set_time.c
		_store_time    		CODE           	193C	0000	188
		_get_time      		CODE           	167A	0000	120
		_set_time      		CODE           	2870	0000	762

set_time.c estimated size: 1070

C:\Program Files\Microchip\xc8\v2.46\pic\sources\c99\common\awmod.c
		___awmod       		CODE           	188C	0000	176

C:\Program Files\Microchip\xc8\v2.46\pic\sources\c99\common\awmod.c estimated size: 176

init_rtc.c
		_read_ds1307   		CODE           	138E	0000	42
		_i2c_start     		CODE           	125E	0000	8
		_write_ds1307  		CODE           	12FC	0000	30
		_i2c_no_ack    		CODE           	1250	0000	6
		_i2c_rep_start 		CODE           	1276	0000	8
		_i2c_idle      		CODE           	12A4	0000	18
		_i2c_write     		CODE           	127E	0000	12
		_i2c_stop      		CODE           	1266	0000	8
		_i2c_read      		CODE           	128A	0000	12
		_init_i2c      		CODE           	12B6	0000	22
		_init_ds1307   		CODE           	1462	0000	70
		_i2c_rx_mode   		CODE           	126E	0000	8

init_rtc.c estimated size: 244

init_uart.c
		_putch         		CODE           	12CC	0000	24
		_init_uart     		CODE           	131A	0000	32
		_puts          		CODE           	14F0	0000	94

init_uart.c estimated size: 150

main.c
		_main          		CODE           	1ABC	0000	260
		_init_config   		CODE           	16F2	0000	120

main.c estimated size: 380

view_log.c
		_view_log      		CODE           	1EF0	0000	302
		_clear_log     		CODE           	176A	0000	122
		_read_eeprom   		CODE           	201E	0000	344

view_log.c estimated size: 768

